// Jest Snapshot v1, https://goo.gl/fbAQLP

exports[`component - bookmark should render 1`] = `
<article
  className="measure pb2 bb b--dark-gray"
>
  <div
    className="aspect-ratio aspect-ratio--1x1 h3 w3 pa0 ma0 ml2 mb2 fr"
  >
    <div
      aria-label="Preview image"
      className="aspect-ratio--object cover bg-center h3 w3 br2"
      role="img"
      style={
        Object {
          "backgroundImage": "url(A webcomic about a gay disaster, a punk skunk, and lots and lots of puns. Created by Olive Rae Brinker. Updates Monday, Wednesday and Friday.)",
        }
      }
    />
  </div>
  <h2
    className="lh-title fw3 f4 mb3"
  >
    <a
      className="link underline"
      href="https://www.raethedoe.com/"
    >
      Rae the Doe
    </a>
  </h2>
  <p
    className="ttu lh-copy f6 mb3"
  >
    raethedoe.com
     • 
    <time
      datetime="2020-01-26T08:00:00.000Z"
    >
      Sun, Jan 26, 2020, 12:00 AM
    </time>
  </p>
  <p
    className="lh-copy f5"
  >
    A webcomic about a gay disaster, a punk skunk, and lots and lots of puns. Created by Olive Rae Brinker. Updates Monday, Wednesday and Friday.
  </p>
  <ul
    className="list lh-copy pl0 mt0 f6"
  >
    <li
      className="dib pr1 ttu"
    >
      #webcomic 
    </li>
  </ul>
</article>
`;
