// Jest Snapshot v1, https://goo.gl/fbAQLP

exports[`util - filterByDomain should fail gracefully when there is nothing to filter 1`] = `Array []`;

exports[`util - filterByDomain should filter by domain 1`] = `
Array [
  Object {
    "category": Array [
      " games ",
    ],
    "description": "&lt;img src=&quot;https://img.itch.zone/aW1nLzIyNDgzNjgucG5n/508x254%23mb/aL3z6Y.png&quot; /&gt;&lt;br/&gt; This game was a surprise delight! If you’re a fan of Animal Crossing or Night in the Woods you will definitely love this game as much as I do. You can reach the ending in around 2 hours, but there’s so much about this delightful game that will keep you coming back, even after you’ve finished the story. ",
    "guid": "https://adamgryu.itch.io/a-short-hike",
    "link": "https://adamgryu.itch.io/a-short-hike",
    "pubDate": "Tue, 18 Feb 2020 06:04:35 GMT",
    "title": " A Short Hike ",
  },
  Object {
    "category": Array [
      " twine ",
      " criticism ",
    ],
    "description": "&lt;img src=&quot;https://img.itch.zone/aW1hZ2UvMjEwNTc3Lzk4OTY2OC5qcGc=/508x254%23mb/iTjhw2.jpg&quot; /&gt;&lt;br/&gt; A lot of people talk about 17776 by Jon Bois, but I was initially introduced to his work through this: a non-linear essay about Jon Bois that is probably more than 17776 words long by Colin Spacetwinks. ",
    "guid": "https://spacetwinks.itch.io/well-its-an-essay-about-jon",
    "link": "https://spacetwinks.itch.io/well-its-an-essay-about-jon",
    "pubDate": "Tue, 18 Feb 2020 06:00:59 GMT",
    "title": " Well it's an essay about Jon ",
  },
  Object {
    "category": Array [
      " trans ",
      " games ",
    ],
    "description": "&lt;img src=&quot;https://img.itch.zone/aW1nLzE1OTQ5OTkucG5n/original/VIkRbO.png&quot; /&gt;&lt;br/&gt; npckc is probably one of my favorite indie game creators. npckc rose to popularity with this game about taking your trans friend to a onsen, and it’s just so good. ",
    "guid": "https://npckc.itch.io/one-night-hot-springs",
    "link": "https://npckc.itch.io/one-night-hot-springs",
    "pubDate": "Tue, 18 Feb 2020 05:57:46 GMT",
    "title": " one night, hot springs ",
  },
]
`;
