// Jest Snapshot v1, https://goo.gl/fbAQLP

exports[`page - index should render 1`] = `
<main
  className="jsx-2582020583 measure center sans-serif ph2 "
>
  <h1
    className="jsx-2582020583 lh-title fw1 f2"
  >
    <a
      className="jsx-2582020583 no-underline"
      href="/"
    >
      <img
        alt="illustration by supasavina"
        className="jsx-2582020583 mr2 h3 w3 v-mid"
        src="/static/logo.png"
      />
      melkat.link
    </a>
  </h1>
  <footer
    className="jsx-2582020583 lh-copy tc"
  >
    <p
      className="jsx-2582020583"
    >
      a link blog by 
      <a
        className="jsx-2582020583"
        href="https://melaniekat.com"
        rel="me"
      >
        melanie kat
      </a>
       &lt;3
    </p>
    <p
      className="jsx-2582020583"
    >
      logo by 
      <a
        className="jsx-2582020583"
        href="https://savinaxu.com"
      >
        savina xu
      </a>
       • 
      links from 
      <a
        className="jsx-2582020583"
        href="https://raindrop.io/collection/9554731"
        rel="me"
      >
        raindrop.io
      </a>
    </p>
  </footer>
</main>
`;
