// Jest Snapshot v1, https://goo.gl/fbAQLP

exports[`component - layout should render 1`] = `"<main __source=\\"[object Object]\\" class=\\"measure center sans-serif ph2 \\"><h1 __source=\\"[object Object]\\" class=\\"lh-title fw1 f2\\">melkat.link</h1><footer __source=\\"[object Object]\\" class=\\"lh-copy tc\\"><p __source=\\"[object Object]\\">a link blog from <a href=\\"https://melaniekat.com\\" rel=\\"me\\" __source=\\"[object Object]\\">melanie kat</a> &lt;3</p><p __source=\\"[object Object]\\">powered by <a href=\\"https://raindrop.io\\" __source=\\"[object Object]\\">raindrop.io</a></p></footer></main>"`;

exports[`component - layout should render with props 1`] = `"<main __source=\\"[object Object]\\" class=\\"measure center sans-serif ph2 \\"><h1 __source=\\"[object Object]\\" class=\\"lh-title fw1 f2\\">melkat.link</h1><b __source=\\"[object Object]\\">#content</b><footer __source=\\"[object Object]\\" class=\\"lh-copy tc\\"><p __source=\\"[object Object]\\">a link blog from <a href=\\"https://melaniekat.com\\" rel=\\"me\\" __source=\\"[object Object]\\">melanie kat</a> &lt;3</p><p __source=\\"[object Object]\\">powered by <a href=\\"https://raindrop.io\\" __source=\\"[object Object]\\">raindrop.io</a></p></footer></main>"`;
